ERROR: Cannot read properties of null (reading 'to')
STACK: TypeError: Cannot read properties of null (reading 'to')
    at OrdersGateway.emitNewOrder (C:\Users\edmoq\Documents\Vibe coder 1\Proyectos PRO\USO de LLM gratuitos\caribe digital CR\backend\src\modules\orders\orders.gateway.ts:46:21)
    at OrdersService.create (C:\Users\edmoq\Documents\Vibe coder 1\Proyectos PRO\USO de LLM gratuitos\caribe digital CR\backend\src\modules\orders\orders.service.ts:163:36)
    at processTicksAndRejections (node:internal/process/task_queues:103:5)
    at async verifyTicketPurchase (C:\Users\edmoq\Documents\Vibe coder 1\Proyectos PRO\USO de LLM gratuitos\caribe digital CR\backend\src\scripts\verify-ticket-purchase.ts:119:24)